  Determinando los proyectos que se van a restaurar...
C:\Users\thann\OneDrive\Documents\III CUATRI 2025- AMBIENTE WEB II\Proyecto\HelpTrack-main (4)\HelpTrack-main\HelpTrack.Application\HelpTrack.Application.csproj : warning NU1701: El paquete "Microsoft.AspNet.Mvc 5.3.0" se restaur├│ con ".NETFramework,Version=v4.6.1, .NETFramework,Version=v4.6.2, .NETFramework,Version=v4.7, .NETFramework,Version=v4.7.1, .NETFramework,Version=v4.7.2, .NETFramework,Version=v4.8, .NETFramework,Version=v4.8.1" en lugar de la plataforma de destino del proyecto "net8.0". Puede que el paquete no sea totalmente compatible con el proyecto. [C:\Users\thann\OneDrive\Documents\III CUATRI 2025- AMBIENTE WEB II\Proyecto\HelpTrack-main (4)\HelpTrack-main\HelpTrackWeb.sln]
C:\Users\thann\OneDrive\Documents\III CUATRI 2025- AMBIENTE WEB II\Proyecto\HelpTrack-main (4)\HelpTrack-main\HelpTrack.Application\HelpTrack.Application.csproj : warning NU1701: El paquete "Microsoft.AspNet.Razor 3.3.0" se restaur├│ con ".NETFramework,Version=v4.6.1, .NETFramework,Version=v4.6.2, .NETFramework,Version=v4.7, .NETFramework,Version=v4.7.1, .NETFramework,Version=v4.7.2, .NETFramework,Version=v4.8, .NETFramework,Version=v4.8.1" en lugar de la plataforma de destino del proyecto "net8.0". Puede que el paquete no sea totalmente compatible con el proyecto. [C:\Users\thann\OneDrive\Documents\III CUATRI 2025- AMBIENTE WEB II\Proyecto\HelpTrack-main (4)\HelpTrack-main\HelpTrackWeb.sln]
C:\Users\thann\OneDrive\Documents\III CUATRI 2025- AMBIENTE WEB II\Proyecto\HelpTrack-main (4)\HelpTrack-main\HelpTrack.Application\HelpTrack.Application.csproj : warning NU1701: El paquete "Microsoft.AspNet.WebPages 3.3.0" se restaur├│ con ".NETFramework,Version=v4.6.1, .NETFramework,Version=v4.6.2, .NETFramework,Version=v4.7, .NETFramework,Version=v4.7.1, .NETFramework,Version=v4.7.2, .NETFramework,Version=v4.8, .NETFramework,Version=v4.8.1" en lugar de la plataforma de destino del proyecto "net8.0". Puede que el paquete no sea totalmente compatible con el proyecto. [C:\Users\thann\OneDrive\Documents\III CUATRI 2025- AMBIENTE WEB II\Proyecto\HelpTrack-main (4)\HelpTrack-main\HelpTrackWeb.sln]
C:\Users\thann\OneDrive\Documents\III CUATRI 2025- AMBIENTE WEB II\Proyecto\HelpTrack-main (4)\HelpTrack-main\HelpTrack.Application\HelpTrack.Application.csproj : warning NU1701: El paquete "Microsoft.Web.Infrastructure 1.0.0" se restaur├│ con ".NETFramework,Version=v4.6.1, .NETFramework,Version=v4.6.2, .NETFramework,Version=v4.7, .NETFramework,Version=v4.7.1, .NETFramework,Version=v4.7.2, .NETFramework,Version=v4.8, .NETFramework,Version=v4.8.1" en lugar de la plataforma de destino del proyecto "net8.0". Puede que el paquete no sea totalmente compatible con el proyecto. [C:\Users\thann\OneDrive\Documents\III CUATRI 2025- AMBIENTE WEB II\Proyecto\HelpTrack-main (4)\HelpTrack-main\HelpTrackWeb.sln]
C:\Users\thann\OneDrive\Documents\III CUATRI 2025- AMBIENTE WEB II\Proyecto\HelpTrack-main (4)\HelpTrack-main\HelpTrack\HelpTrackWeb.csproj : warning NU1701: El paquete "Microsoft.AspNet.Mvc 5.3.0" se restaur├│ con ".NETFramework,Version=v4.6.1, .NETFramework,Version=v4.6.2, .NETFramework,Version=v4.7, .NETFramework,Version=v4.7.1, .NETFramework,Version=v4.7.2, .NETFramework,Version=v4.8, .NETFramework,Version=v4.8.1" en lugar de la plataforma de destino del proyecto "net8.0". Puede que el paquete no sea totalmente compatible con el proyecto. [C:\Users\thann\OneDrive\Documents\III CUATRI 2025- AMBIENTE WEB II\Proyecto\HelpTrack-main (4)\HelpTrack-main\HelpTrackWeb.sln]
C:\Users\thann\OneDrive\Documents\III CUATRI 2025- AMBIENTE WEB II\Proyecto\HelpTrack-main (4)\HelpTrack-main\HelpTrack\HelpTrackWeb.csproj : warning NU1701: El paquete "Microsoft.AspNet.Razor 3.3.0" se restaur├│ con ".NETFramework,Version=v4.6.1, .NETFramework,Version=v4.6.2, .NETFramework,Version=v4.7, .NETFramework,Version=v4.7.1, .NETFramework,Version=v4.7.2, .NETFramework,Version=v4.8, .NETFramework,Version=v4.8.1" en lugar de la plataforma de destino del proyecto "net8.0". Puede que el paquete no sea totalmente compatible con el proyecto. [C:\Users\thann\OneDrive\Documents\III CUATRI 2025- AMBIENTE WEB II\Proyecto\HelpTrack-main (4)\HelpTrack-main\HelpTrackWeb.sln]
C:\Users\thann\OneDrive\Documents\III CUATRI 2025- AMBIENTE WEB II\Proyecto\HelpTrack-main (4)\HelpTrack-main\HelpTrack\HelpTrackWeb.csproj : warning NU1701: El paquete "Microsoft.AspNet.WebPages 3.3.0" se restaur├│ con ".NETFramework,Version=v4.6.1, .NETFramework,Version=v4.6.2, .NETFramework,Version=v4.7, .NETFramework,Version=v4.7.1, .NETFramework,Version=v4.7.2, .NETFramework,Version=v4.8, .NETFramework,Version=v4.8.1" en lugar de la plataforma de destino del proyecto "net8.0". Puede que el paquete no sea totalmente compatible con el proyecto. [C:\Users\thann\OneDrive\Documents\III CUATRI 2025- AMBIENTE WEB II\Proyecto\HelpTrack-main (4)\HelpTrack-main\HelpTrackWeb.sln]
C:\Users\thann\OneDrive\Documents\III CUATRI 2025- AMBIENTE WEB II\Proyecto\HelpTrack-main (4)\HelpTrack-main\HelpTrack\HelpTrackWeb.csproj : warning NU1701: El paquete "Microsoft.Web.Infrastructure 1.0.0" se restaur├│ con ".NETFramework,Version=v4.6.1, .NETFramework,Version=v4.6.2, .NETFramework,Version=v4.7, .NETFramework,Version=v4.7.1, .NETFramework,Version=v4.7.2, .NETFramework,Version=v4.8, .NETFramework,Version=v4.8.1" en lugar de la plataforma de destino del proyecto "net8.0". Puede que el paquete no sea totalmente compatible con el proyecto. [C:\Users\thann\OneDrive\Documents\III CUATRI 2025- AMBIENTE WEB II\Proyecto\HelpTrack-main (4)\HelpTrack-main\HelpTrackWeb.sln]
  Todos los proyectos est├ín actualizados para la restauraci├│n.
C:\Users\thann\OneDrive\Documents\III CUATRI 2025- AMBIENTE WEB II\Proyecto\HelpTrack-main (4)\HelpTrack-main\HelpTrack.Application\HelpTrack.Application.csproj : warning NU1701: El paquete "Microsoft.AspNet.Mvc 5.3.0" se restaur├│ con ".NETFramework,Version=v4.6.1, .NETFramework,Version=v4.6.2, .NETFramework,Version=v4.7, .NETFramework,Version=v4.7.1, .NETFramework,Version=v4.7.2, .NETFramework,Version=v4.8, .NETFramework,Version=v4.8.1" en lugar de la plataforma de destino del proyecto "net8.0". Puede que el paquete no sea totalmente compatible con el proyecto.
C:\Users\thann\OneDrive\Documents\III CUATRI 2025- AMBIENTE WEB II\Proyecto\HelpTrack-main (4)\HelpTrack-main\HelpTrack.Application\HelpTrack.Application.csproj : warning NU1701: El paquete "Microsoft.AspNet.Razor 3.3.0" se restaur├│ con ".NETFramework,Version=v4.6.1, .NETFramework,Version=v4.6.2, .NETFramework,Version=v4.7, .NETFramework,Version=v4.7.1, .NETFramework,Version=v4.7.2, .NETFramework,Version=v4.8, .NETFramework,Version=v4.8.1" en lugar de la plataforma de destino del proyecto "net8.0". Puede que el paquete no sea totalmente compatible con el proyecto.
C:\Users\thann\OneDrive\Documents\III CUATRI 2025- AMBIENTE WEB II\Proyecto\HelpTrack-main (4)\HelpTrack-main\HelpTrack.Application\HelpTrack.Application.csproj : warning NU1701: El paquete "Microsoft.AspNet.WebPages 3.3.0" se restaur├│ con ".NETFramework,Version=v4.6.1, .NETFramework,Version=v4.6.2, .NETFramework,Version=v4.7, .NETFramework,Version=v4.7.1, .NETFramework,Version=v4.7.2, .NETFramework,Version=v4.8, .NETFramework,Version=v4.8.1" en lugar de la plataforma de destino del proyecto "net8.0". Puede que el paquete no sea totalmente compatible con el proyecto.
C:\Users\thann\OneDrive\Documents\III CUATRI 2025- AMBIENTE WEB II\Proyecto\HelpTrack-main (4)\HelpTrack-main\HelpTrack.Application\HelpTrack.Application.csproj : warning NU1701: El paquete "Microsoft.Web.Infrastructure 1.0.0" se restaur├│ con ".NETFramework,Version=v4.6.1, .NETFramework,Version=v4.6.2, .NETFramework,Version=v4.7, .NETFramework,Version=v4.7.1, .NETFramework,Version=v4.7.2, .NETFramework,Version=v4.8, .NETFramework,Version=v4.8.1" en lugar de la plataforma de destino del proyecto "net8.0". Puede que el paquete no sea totalmente compatible con el proyecto.
  HelpTrack.Infraestructure -> C:\Users\thann\OneDrive\Documents\III CUATRI 2025- AMBIENTE WEB II\Proyecto\HelpTrack-main (4)\HelpTrack-main\HelpTrack.Infraestructure\bin\Debug\net8.0\HelpTrack.Infraestructure.dll
C:\Users\thann\OneDrive\Documents\III CUATRI 2025- AMBIENTE WEB II\Proyecto\HelpTrack-main (4)\HelpTrack-main\HelpTrack.Application\DTOs\AsignacionTicketDTO.cs(6,17): error CS0234: El tipo o el nombre del espacio de nombres 'Resources' no existe en el espacio de nombres 'HelpTrack' (┬┐falta alguna referencia de ensamblado?) [C:\Users\thann\OneDrive\Documents\III CUATRI 2025- AMBIENTE WEB II\Proyecto\HelpTrack-main (4)\HelpTrack-main\HelpTrack.Application\HelpTrack.Application.csproj]
C:\Users\thann\OneDrive\Documents\III CUATRI 2025- AMBIENTE WEB II\Proyecto\HelpTrack-main (4)\HelpTrack-main\HelpTrack.Application\DTOs\CategoriaDTO.cs(4,17): error CS0234: El tipo o el nombre del espacio de nombres 'Resources' no existe en el espacio de nombres 'HelpTrack' (┬┐falta alguna referencia de ensamblado?) [C:\Users\thann\OneDrive\Documents\III CUATRI 2025- AMBIENTE WEB II\Proyecto\HelpTrack-main (4)\HelpTrack-main\HelpTrack.Application\HelpTrack.Application.csproj]
C:\Users\thann\OneDrive\Documents\III CUATRI 2025- AMBIENTE WEB II\Proyecto\HelpTrack-main (4)\HelpTrack-main\HelpTrack.Application\DTOs\TecnicoDTO.cs(4,17): error CS0234: El tipo o el nombre del espacio de nombres 'Resources' no existe en el espacio de nombres 'HelpTrack' (┬┐falta alguna referencia de ensamblado?) [C:\Users\thann\OneDrive\Documents\III CUATRI 2025- AMBIENTE WEB II\Proyecto\HelpTrack-main (4)\HelpTrack-main\HelpTrack.Application\HelpTrack.Application.csproj]
C:\Users\thann\OneDrive\Documents\III CUATRI 2025- AMBIENTE WEB II\Proyecto\HelpTrack-main (4)\HelpTrack-main\HelpTrack.Application\DTOs\TicketDTO.cs(6,17): error CS0234: El tipo o el nombre del espacio de nombres 'Resources' no existe en el espacio de nombres 'HelpTrack' (┬┐falta alguna referencia de ensamblado?) [C:\Users\thann\OneDrive\Documents\III CUATRI 2025- AMBIENTE WEB II\Proyecto\HelpTrack-main (4)\HelpTrack-main\HelpTrack.Application\HelpTrack.Application.csproj]
C:\Users\thann\OneDrive\Documents\III CUATRI 2025- AMBIENTE WEB II\Proyecto\HelpTrack-main (4)\HelpTrack-main\HelpTrack.Application\DTOs\UsuarioDTO.cs(7,17): error CS0234: El tipo o el nombre del espacio de nombres 'Resources' no existe en el espacio de nombres 'HelpTrack' (┬┐falta alguna referencia de ensamblado?) [C:\Users\thann\OneDrive\Documents\III CUATRI 2025- AMBIENTE WEB II\Proyecto\HelpTrack-main (4)\HelpTrack-main\HelpTrack.Application\HelpTrack.Application.csproj]
C:\Users\thann\OneDrive\Documents\III CUATRI 2025- AMBIENTE WEB II\Proyecto\HelpTrack-main (4)\HelpTrack-main\HelpTrack.Application\DTOs\CategoriaDTO.cs(12,63): error CS0246: El nombre del tipo o del espacio de nombres 'SharedResource' no se encontr├│ (┬┐falta una directiva using o una referencia de ensamblado?) [C:\Users\thann\OneDrive\Documents\III CUATRI 2025- AMBIENTE WEB II\Proyecto\HelpTrack-main (4)\HelpTrack-main\HelpTrack.Application\HelpTrack.Application.csproj]
C:\Users\thann\OneDrive\Documents\III CUATRI 2025- AMBIENTE WEB II\Proyecto\HelpTrack-main (4)\HelpTrack-main\HelpTrack.Application\DTOs\CategoriaDTO.cs(15,62): error CS0246: El nombre del tipo o del espacio de nombres 'SharedResource' no se encontr├│ (┬┐falta una directiva using o una referencia de ensamblado?) [C:\Users\thann\OneDrive\Documents\III CUATRI 2025- AMBIENTE WEB II\Proyecto\HelpTrack-main (4)\HelpTrack-main\HelpTrack.Application\HelpTrack.Application.csproj]
C:\Users\thann\OneDrive\Documents\III CUATRI 2025- AMBIENTE WEB II\Proyecto\HelpTrack-main (4)\HelpTrack-main\HelpTrack.Application\DTOs\CategoriaDTO.cs(18,53): error CS0246: El nombre del tipo o del espacio de nombres 'SharedResource' no se encontr├│ (┬┐falta una directiva using o una referencia de ensamblado?) [C:\Users\thann\OneDrive\Documents\III CUATRI 2025- AMBIENTE WEB II\Proyecto\HelpTrack-main (4)\HelpTrack-main\HelpTrack.Application\HelpTrack.Application.csproj]
C:\Users\thann\OneDrive\Documents\III CUATRI 2025- AMBIENTE WEB II\Proyecto\HelpTrack-main (4)\HelpTrack-main\HelpTrack.Application\DTOs\CategoriaDTO.cs(19,54): error CS0246: El nombre del tipo o del espacio de nombres 'SharedResource' no se encontr├│ (┬┐falta una directiva using o una referencia de ensamblado?) [C:\Users\thann\OneDrive\Documents\III CUATRI 2025- AMBIENTE WEB II\Proyecto\HelpTrack-main (4)\HelpTrack-main\HelpTrack.Application\HelpTrack.Application.csproj]
C:\Users\thann\OneDrive\Documents\III CUATRI 2025- AMBIENTE WEB II\Proyecto\HelpTrack-main (4)\HelpTrack-main\HelpTrack.Application\DTOs\CategoriaDTO.cs(22,66): error CS0246: El nombre del tipo o del espacio de nombres 'SharedResource' no se encontr├│ (┬┐falta una directiva using o una referencia de ensamblado?) [C:\Users\thann\OneDrive\Documents\III CUATRI 2025- AMBIENTE WEB II\Proyecto\HelpTrack-main (4)\HelpTrack-main\HelpTrack.Application\HelpTrack.Application.csproj]
C:\Users\thann\OneDrive\Documents\III CUATRI 2025- AMBIENTE WEB II\Proyecto\HelpTrack-main (4)\HelpTrack-main\HelpTrack.Application\DTOs\CategoriaDTO.cs(25,68): error CS0246: El nombre del tipo o del espacio de nombres 'SharedResource' no se encontr├│ (┬┐falta una directiva using o una referencia de ensamblado?) [C:\Users\thann\OneDrive\Documents\III CUATRI 2025- AMBIENTE WEB II\Proyecto\HelpTrack-main (4)\HelpTrack-main\HelpTrack.Application\HelpTrack.Application.csproj]
C:\Users\thann\OneDrive\Documents\III CUATRI 2025- AMBIENTE WEB II\Proyecto\HelpTrack-main (4)\HelpTrack-main\HelpTrack.Application\DTOs\AsignacionTicketDTO.cs(14,53): error CS0246: El nombre del tipo o del espacio de nombres 'SharedResource' no se encontr├│ (┬┐falta una directiva using o una referencia de ensamblado?) [C:\Users\thann\OneDrive\Documents\III CUATRI 2025- AMBIENTE WEB II\Proyecto\HelpTrack-main (4)\HelpTrack-main\HelpTrack.Application\HelpTrack.Application.csproj]
C:\Users\thann\OneDrive\Documents\III CUATRI 2025- AMBIENTE WEB II\Proyecto\HelpTrack-main (4)\HelpTrack-main\HelpTrack.Application\DTOs\CategoriaDTO.cs(28,55): error CS0246: El nombre del tipo o del espacio de nombres 'SharedResource' no se encontr├│ (┬┐falta una directiva using o una referencia de ensamblado?) [C:\Users\thann\OneDrive\Documents\III CUATRI 2025- AMBIENTE WEB II\Proyecto\HelpTrack-main (4)\HelpTrack-main\HelpTrack.Application\HelpTrack.Application.csproj]
C:\Users\thann\OneDrive\Documents\III CUATRI 2025- AMBIENTE WEB II\Proyecto\HelpTrack-main (4)\HelpTrack-main\HelpTrack.Application\DTOs\CategoriaDTO.cs(31,62): error CS0246: El nombre del tipo o del espacio de nombres 'SharedResource' no se encontr├│ (┬┐falta una directiva using o una referencia de ensamblado?) [C:\Users\thann\OneDrive\Documents\III CUATRI 2025- AMBIENTE WEB II\Proyecto\HelpTrack-main (4)\HelpTrack-main\HelpTrack.Application\HelpTrack.Application.csproj]
C:\Users\thann\OneDrive\Documents\III CUATRI 2025- AMBIENTE WEB II\Proyecto\HelpTrack-main (4)\HelpTrack-main\HelpTrack.Application\DTOs\TecnicoDTO.cs(10,63): error CS0246: El nombre del tipo o del espacio de nombres 'SharedResource' no se encontr├│ (┬┐falta una directiva using o una referencia de ensamblado?) [C:\Users\thann\OneDrive\Documents\III CUATRI 2025- AMBIENTE WEB II\Proyecto\HelpTrack-main (4)\HelpTrack-main\HelpTrack.Application\HelpTrack.Application.csproj]
C:\Users\thann\OneDrive\Documents\III CUATRI 2025- AMBIENTE WEB II\Proyecto\HelpTrack-main (4)\HelpTrack-main\HelpTrack.Application\DTOs\AsignacionTicketDTO.cs(17,53): error CS0246: El nombre del tipo o del espacio de nombres 'SharedResource' no se encontr├│ (┬┐falta una directiva using o una referencia de ensamblado?) [C:\Users\thann\OneDrive\Documents\III CUATRI 2025- AMBIENTE WEB II\Proyecto\HelpTrack-main (4)\HelpTrack-main\HelpTrack.Application\HelpTrack.Application.csproj]
C:\Users\thann\OneDrive\Documents\III CUATRI 2025- AMBIENTE WEB II\Proyecto\HelpTrack-main (4)\HelpTrack-main\HelpTrack.Application\DTOs\AsignacionTicketDTO.cs(18,61): error CS0246: El nombre del tipo o del espacio de nombres 'SharedResource' no se encontr├│ (┬┐falta una directiva using o una referencia de ensamblado?) [C:\Users\thann\OneDrive\Documents\III CUATRI 2025- AMBIENTE WEB II\Proyecto\HelpTrack-main (4)\HelpTrack-main\HelpTrack.Application\HelpTrack.Application.csproj]
C:\Users\thann\OneDrive\Documents\III CUATRI 2025- AMBIENTE WEB II\Proyecto\HelpTrack-main (4)\HelpTrack-main\HelpTrack.Application\DTOs\TecnicoDTO.cs(14,56): error CS0246: El nombre del tipo o del espacio de nombres 'SharedResource' no se encontr├│ (┬┐falta una directiva using o una referencia de ensamblado?) [C:\Users\thann\OneDrive\Documents\III CUATRI 2025- AMBIENTE WEB II\Proyecto\HelpTrack-main (4)\HelpTrack-main\HelpTrack.Application\HelpTrack.Application.csproj]
C:\Users\thann\OneDrive\Documents\III CUATRI 2025- AMBIENTE WEB II\Proyecto\HelpTrack-main (4)\HelpTrack-main\HelpTrack.Application\DTOs\TecnicoDTO.cs(15,53): error CS0246: El nombre del tipo o del espacio de nombres 'SharedResource' no se encontr├│ (┬┐falta una directiva using o una referencia de ensamblado?) [C:\Users\thann\OneDrive\Documents\III CUATRI 2025- AMBIENTE WEB II\Proyecto\HelpTrack-main (4)\HelpTrack-main\HelpTrack.Application\HelpTrack.Application.csproj]
C:\Users\thann\OneDrive\Documents\III CUATRI 2025- AMBIENTE WEB II\Proyecto\HelpTrack-main (4)\HelpTrack-main\HelpTrack.Application\DTOs\TicketDTO.cs(12,59): error CS0246: El nombre del tipo o del espacio de nombres 'SharedResource' no se encontr├│ (┬┐falta una directiva using o una referencia de ensamblado?) [C:\Users\thann\OneDrive\Documents\III CUATRI 2025- AMBIENTE WEB II\Proyecto\HelpTrack-main (4)\HelpTrack-main\HelpTrack.Application\HelpTrack.Application.csproj]
C:\Users\thann\OneDrive\Documents\III CUATRI 2025- AMBIENTE WEB II\Proyecto\HelpTrack-main (4)\HelpTrack-main\HelpTrack.Application\DTOs\AsignacionTicketDTO.cs(21,53): error CS0246: El nombre del tipo o del espacio de nombres 'SharedResource' no se encontr├│ (┬┐falta una directiva using o una referencia de ensamblado?) [C:\Users\thann\OneDrive\Documents\III CUATRI 2025- AMBIENTE WEB II\Proyecto\HelpTrack-main (4)\HelpTrack-main\HelpTrack.Application\HelpTrack.Application.csproj]
C:\Users\thann\OneDrive\Documents\III CUATRI 2025- AMBIENTE WEB II\Proyecto\HelpTrack-main (4)\HelpTrack-main\HelpTrack.Application\DTOs\AsignacionTicketDTO.cs(22,57): error CS0246: El nombre del tipo o del espacio de nombres 'SharedResource' no se encontr├│ (┬┐falta una directiva using o una referencia de ensamblado?) [C:\Users\thann\OneDrive\Documents\III CUATRI 2025- AMBIENTE WEB II\Proyecto\HelpTrack-main (4)\HelpTrack-main\HelpTrack.Application\HelpTrack.Application.csproj]
C:\Users\thann\OneDrive\Documents\III CUATRI 2025- AMBIENTE WEB II\Proyecto\HelpTrack-main (4)\HelpTrack-main\HelpTrack.Application\DTOs\TecnicoDTO.cs(20,64): error CS0246: El nombre del tipo o del espacio de nombres 'SharedResource' no se encontr├│ (┬┐falta una directiva using o una referencia de ensamblado?) [C:\Users\thann\OneDrive\Documents\III CUATRI 2025- AMBIENTE WEB II\Proyecto\HelpTrack-main (4)\HelpTrack-main\HelpTrack.Application\HelpTrack.Application.csproj]
C:\Users\thann\OneDrive\Documents\III CUATRI 2025- AMBIENTE WEB II\Proyecto\HelpTrack-main (4)\HelpTrack-main\HelpTrack.Application\DTOs\TecnicoDTO.cs(21,57): error CS0246: El nombre del tipo o del espacio de nombres 'SharedResource' no se encontr├│ (┬┐falta una directiva using o una referencia de ensamblado?) [C:\Users\thann\OneDrive\Documents\III CUATRI 2025- AMBIENTE WEB II\Proyecto\HelpTrack-main (4)\HelpTrack-main\HelpTrack.Application\HelpTrack.Application.csproj]
C:\Users\thann\OneDrive\Documents\III CUATRI 2025- AMBIENTE WEB II\Proyecto\HelpTrack-main (4)\HelpTrack-main\HelpTrack.Application\DTOs\TicketDTO.cs(16,53): error CS0246: El nombre del tipo o del espacio de nombres 'SharedResource' no se encontr├│ (┬┐falta una directiva using o una referencia de ensamblado?) [C:\Users\thann\OneDrive\Documents\III CUATRI 2025- AMBIENTE WEB II\Proyecto\HelpTrack-main (4)\HelpTrack-main\HelpTrack.Application\HelpTrack.Application.csproj]
C:\Users\thann\OneDrive\Documents\III CUATRI 2025- AMBIENTE WEB II\Proyecto\HelpTrack-main (4)\HelpTrack-main\HelpTrack.Application\DTOs\TicketDTO.cs(18,56): error CS0246: El nombre del tipo o del espacio de nombres 'SharedResource' no se encontr├│ (┬┐falta una directiva using o una referencia de ensamblado?) [C:\Users\thann\OneDrive\Documents\III CUATRI 2025- AMBIENTE WEB II\Proyecto\HelpTrack-main (4)\HelpTrack-main\HelpTrack.Application\HelpTrack.Application.csproj]
C:\Users\thann\OneDrive\Documents\III CUATRI 2025- AMBIENTE WEB II\Proyecto\HelpTrack-main (4)\HelpTrack-main\HelpTrack.Application\DTOs\UsuarioDTO.cs(15,53): error CS0246: El nombre del tipo o del espacio de nombres 'SharedResource' no se encontr├│ (┬┐falta una directiva using o una referencia de ensamblado?) [C:\Users\thann\OneDrive\Documents\III CUATRI 2025- AMBIENTE WEB II\Proyecto\HelpTrack-main (4)\HelpTrack-main\HelpTrack.Application\HelpTrack.Application.csproj]
C:\Users\thann\OneDrive\Documents\III CUATRI 2025- AMBIENTE WEB II\Proyecto\HelpTrack-main (4)\HelpTrack-main\HelpTrack.Application\DTOs\UsuarioDTO.cs(16,57): error CS0246: El nombre del tipo o del espacio de nombres 'SharedResource' no se encontr├│ (┬┐falta una directiva using o una referencia de ensamblado?) [C:\Users\thann\OneDrive\Documents\III CUATRI 2025- AMBIENTE WEB II\Proyecto\HelpTrack-main (4)\HelpTrack-main\HelpTrack.Application\HelpTrack.Application.csproj]
C:\Users\thann\OneDrive\Documents\III CUATRI 2025- AMBIENTE WEB II\Proyecto\HelpTrack-main (4)\HelpTrack-main\HelpTrack.Application\DTOs\UsuarioDTO.cs(17,62): error CS0246: El nombre del tipo o del espacio de nombres 'SharedResource' no se encontr├│ (┬┐falta una directiva using o una referencia de ensamblado?) [C:\Users\thann\OneDrive\Documents\III CUATRI 2025- AMBIENTE WEB II\Proyecto\HelpTrack-main (4)\HelpTrack-main\HelpTrack.Application\HelpTrack.Application.csproj]
C:\Users\thann\OneDrive\Documents\III CUATRI 2025- AMBIENTE WEB II\Proyecto\HelpTrack-main (4)\HelpTrack-main\HelpTrack.Application\DTOs\UsuarioDTO.cs(18,56): error CS0246: El nombre del tipo o del espacio de nombres 'SharedResource' no se encontr├│ (┬┐falta una directiva using o una referencia de ensamblado?) [C:\Users\thann\OneDrive\Documents\III CUATRI 2025- AMBIENTE WEB II\Proyecto\HelpTrack-main (4)\HelpTrack-main\HelpTrack.Application\HelpTrack.Application.csproj]
C:\Users\thann\OneDrive\Documents\III CUATRI 2025- AMBIENTE WEB II\Proyecto\HelpTrack-main (4)\HelpTrack-main\HelpTrack.Application\DTOs\AsignacionTicketDTO.cs(25,59): error CS0246: El nombre del tipo o del espacio de nombres 'SharedResource' no se encontr├│ (┬┐falta una directiva using o una referencia de ensamblado?) [C:\Users\thann\OneDrive\Documents\III CUATRI 2025- AMBIENTE WEB II\Proyecto\HelpTrack-main (4)\HelpTrack-main\HelpTrack.Application\HelpTrack.Application.csproj]
C:\Users\thann\OneDrive\Documents\III CUATRI 2025- AMBIENTE WEB II\Proyecto\HelpTrack-main (4)\HelpTrack-main\HelpTrack.Application\DTOs\AsignacionTicketDTO.cs(26,56): error CS0246: El nombre del tipo o del espacio de nombres 'SharedResource' no se encontr├│ (┬┐falta una directiva using o una referencia de ensamblado?) [C:\Users\thann\OneDrive\Documents\III CUATRI 2025- AMBIENTE WEB II\Proyecto\HelpTrack-main (4)\HelpTrack-main\HelpTrack.Application\HelpTrack.Application.csproj]
C:\Users\thann\OneDrive\Documents\III CUATRI 2025- AMBIENTE WEB II\Proyecto\HelpTrack-main (4)\HelpTrack-main\HelpTrack.Application\DTOs\TicketDTO.cs(21,62): error CS0246: El nombre del tipo o del espacio de nombres 'SharedResource' no se encontr├│ (┬┐falta una directiva using o una referencia de ensamblado?) [C:\Users\thann\OneDrive\Documents\III CUATRI 2025- AMBIENTE WEB II\Proyecto\HelpTrack-main (4)\HelpTrack-main\HelpTrack.Application\HelpTrack.Application.csproj]
C:\Users\thann\OneDrive\Documents\III CUATRI 2025- AMBIENTE WEB II\Proyecto\HelpTrack-main (4)\HelpTrack-main\HelpTrack.Application\DTOs\TicketDTO.cs(22,53): error CS0246: El nombre del tipo o del espacio de nombres 'SharedResource' no se encontr├│ (┬┐falta una directiva using o una referencia de ensamblado?) [C:\Users\thann\OneDrive\Documents\III CUATRI 2025- AMBIENTE WEB II\Proyecto\HelpTrack-main (4)\HelpTrack-main\HelpTrack.Application\HelpTrack.Application.csproj]
C:\Users\thann\OneDrive\Documents\III CUATRI 2025- AMBIENTE WEB II\Proyecto\HelpTrack-main (4)\HelpTrack-main\HelpTrack.Application\DTOs\AsignacionTicketDTO.cs(29,64): error CS0246: El nombre del tipo o del espacio de nombres 'SharedResource' no se encontr├│ (┬┐falta una directiva using o una referencia de ensamblado?) [C:\Users\thann\OneDrive\Documents\III CUATRI 2025- AMBIENTE WEB II\Proyecto\HelpTrack-main (4)\HelpTrack-main\HelpTrack.Application\HelpTrack.Application.csproj]
C:\Users\thann\OneDrive\Documents\III CUATRI 2025- AMBIENTE WEB II\Proyecto\HelpTrack-main (4)\HelpTrack-main\HelpTrack.Application\DTOs\AsignacionTicketDTO.cs(30,53): error CS0246: El nombre del tipo o del espacio de nombres 'SharedResource' no se encontr├│ (┬┐falta una directiva using o una referencia de ensamblado?) [C:\Users\thann\OneDrive\Documents\III CUATRI 2025- AMBIENTE WEB II\Proyecto\HelpTrack-main (4)\HelpTrack-main\HelpTrack.Application\HelpTrack.Application.csproj]
C:\Users\thann\OneDrive\Documents\III CUATRI 2025- AMBIENTE WEB II\Proyecto\HelpTrack-main (4)\HelpTrack-main\HelpTrack.Application\DTOs\AsignacionTicketDTO.cs(31,62): error CS0246: El nombre del tipo o del espacio de nombres 'SharedResource' no se encontr├│ (┬┐falta una directiva using o una referencia de ensamblado?) [C:\Users\thann\OneDrive\Documents\III CUATRI 2025- AMBIENTE WEB II\Proyecto\HelpTrack-main (4)\HelpTrack-main\HelpTrack.Application\HelpTrack.Application.csproj]
C:\Users\thann\OneDrive\Documents\III CUATRI 2025- AMBIENTE WEB II\Proyecto\HelpTrack-main (4)\HelpTrack-main\HelpTrack.Application\DTOs\TicketDTO.cs(25,59): error CS0246: El nombre del tipo o del espacio de nombres 'SharedResource' no se encontr├│ (┬┐falta una directiva using o una referencia de ensamblado?) [C:\Users\thann\OneDrive\Documents\III CUATRI 2025- AMBIENTE WEB II\Proyecto\HelpTrack-main (4)\HelpTrack-main\HelpTrack.Application\HelpTrack.Application.csproj]
C:\Users\thann\OneDrive\Documents\III CUATRI 2025- AMBIENTE WEB II\Proyecto\HelpTrack-main (4)\HelpTrack-main\HelpTrack.Application\DTOs\TicketDTO.cs(26,53): error CS0246: El nombre del tipo o del espacio de nombres 'SharedResource' no se encontr├│ (┬┐falta una directiva using o una referencia de ensamblado?) [C:\Users\thann\OneDrive\Documents\III CUATRI 2025- AMBIENTE WEB II\Proyecto\HelpTrack-main (4)\HelpTrack-main\HelpTrack.Application\HelpTrack.Application.csproj]
C:\Users\thann\OneDrive\Documents\III CUATRI 2025- AMBIENTE WEB II\Proyecto\HelpTrack-main (4)\HelpTrack-main\HelpTrack.Application\DTOs\TicketDTO.cs(29,59): error CS0246: El nombre del tipo o del espacio de nombres 'SharedResource' no se encontr├│ (┬┐falta una directiva using o una referencia de ensamblado?) [C:\Users\thann\OneDrive\Documents\III CUATRI 2025- AMBIENTE WEB II\Proyecto\HelpTrack-main (4)\HelpTrack-main\HelpTrack.Application\HelpTrack.Application.csproj]
C:\Users\thann\OneDrive\Documents\III CUATRI 2025- AMBIENTE WEB II\Proyecto\HelpTrack-main (4)\HelpTrack-main\HelpTrack.Application\DTOs\TicketDTO.cs(30,53): error CS0246: El nombre del tipo o del espacio de nombres 'SharedResource' no se encontr├│ (┬┐falta una directiva using o una referencia de ensamblado?) [C:\Users\thann\OneDrive\Documents\III CUATRI 2025- AMBIENTE WEB II\Proyecto\HelpTrack-main (4)\HelpTrack-main\HelpTrack.Application\HelpTrack.Application.csproj]
C:\Users\thann\OneDrive\Documents\III CUATRI 2025- AMBIENTE WEB II\Proyecto\HelpTrack-main (4)\HelpTrack-main\HelpTrack.Application\DTOs\TicketDTO.cs(33,62): error CS0246: El nombre del tipo o del espacio de nombres 'SharedResource' no se encontr├│ (┬┐falta una directiva using o una referencia de ensamblado?) [C:\Users\thann\OneDrive\Documents\III CUATRI 2025- AMBIENTE WEB II\Proyecto\HelpTrack-main (4)\HelpTrack-main\HelpTrack.Application\HelpTrack.Application.csproj]
C:\Users\thann\OneDrive\Documents\III CUATRI 2025- AMBIENTE WEB II\Proyecto\HelpTrack-main (4)\HelpTrack-main\HelpTrack.Application\DTOs\UsuarioDTO.cs(21,53): error CS0246: El nombre del tipo o del espacio de nombres 'SharedResource' no se encontr├│ (┬┐falta una directiva using o una referencia de ensamblado?) [C:\Users\thann\OneDrive\Documents\III CUATRI 2025- AMBIENTE WEB II\Proyecto\HelpTrack-main (4)\HelpTrack-main\HelpTrack.Application\HelpTrack.Application.csproj]
C:\Users\thann\OneDrive\Documents\III CUATRI 2025- AMBIENTE WEB II\Proyecto\HelpTrack-main (4)\HelpTrack-main\HelpTrack.Application\DTOs\UsuarioDTO.cs(22,81): error CS0246: El nombre del tipo o del espacio de nombres 'SharedResource' no se encontr├│ (┬┐falta una directiva using o una referencia de ensamblado?) [C:\Users\thann\OneDrive\Documents\III CUATRI 2025- AMBIENTE WEB II\Proyecto\HelpTrack-main (4)\HelpTrack-main\HelpTrack.Application\HelpTrack.Application.csproj]
C:\Users\thann\OneDrive\Documents\III CUATRI 2025- AMBIENTE WEB II\Proyecto\HelpTrack-main (4)\HelpTrack-main\HelpTrack.Application\DTOs\UsuarioDTO.cs(23,92): error CS0246: El nombre del tipo o del espacio de nombres 'SharedResource' no se encontr├│ (┬┐falta una directiva using o una referencia de ensamblado?) [C:\Users\thann\OneDrive\Documents\III CUATRI 2025- AMBIENTE WEB II\Proyecto\HelpTrack-main (4)\HelpTrack-main\HelpTrack.Application\HelpTrack.Application.csproj]
C:\Users\thann\OneDrive\Documents\III CUATRI 2025- AMBIENTE WEB II\Proyecto\HelpTrack-main (4)\HelpTrack-main\HelpTrack.Application\DTOs\UsuarioDTO.cs(24,59): error CS0246: El nombre del tipo o del espacio de nombres 'SharedResource' no se encontr├│ (┬┐falta una directiva using o una referencia de ensamblado?) [C:\Users\thann\OneDrive\Documents\III CUATRI 2025- AMBIENTE WEB II\Proyecto\HelpTrack-main (4)\HelpTrack-main\HelpTrack.Application\HelpTrack.Application.csproj]
C:\Users\thann\OneDrive\Documents\III CUATRI 2025- AMBIENTE WEB II\Proyecto\HelpTrack-main (4)\HelpTrack-main\HelpTrack.Application\DTOs\TicketDTO.cs(36,60): error CS0246: El nombre del tipo o del espacio de nombres 'SharedResource' no se encontr├│ (┬┐falta una directiva using o una referencia de ensamblado?) [C:\Users\thann\OneDrive\Documents\III CUATRI 2025- AMBIENTE WEB II\Proyecto\HelpTrack-main (4)\HelpTrack-main\HelpTrack.Application\HelpTrack.Application.csproj]
C:\Users\thann\OneDrive\Documents\III CUATRI 2025- AMBIENTE WEB II\Proyecto\HelpTrack-main (4)\HelpTrack-main\HelpTrack.Application\DTOs\UsuarioDTO.cs(27,57): error CS0246: El nombre del tipo o del espacio de nombres 'SharedResource' no se encontr├│ (┬┐falta una directiva using o una referencia de ensamblado?) [C:\Users\thann\OneDrive\Documents\III CUATRI 2025- AMBIENTE WEB II\Proyecto\HelpTrack-main (4)\HelpTrack-main\HelpTrack.Application\HelpTrack.Application.csproj]
C:\Users\thann\OneDrive\Documents\III CUATRI 2025- AMBIENTE WEB II\Proyecto\HelpTrack-main (4)\HelpTrack-main\HelpTrack.Application\DTOs\TicketDTO.cs(39,57): error CS0246: El nombre del tipo o del espacio de nombres 'SharedResource' no se encontr├│ (┬┐falta una directiva using o una referencia de ensamblado?) [C:\Users\thann\OneDrive\Documents\III CUATRI 2025- AMBIENTE WEB II\Proyecto\HelpTrack-main (4)\HelpTrack-main\HelpTrack.Application\HelpTrack.Application.csproj]
C:\Users\thann\OneDrive\Documents\III CUATRI 2025- AMBIENTE WEB II\Proyecto\HelpTrack-main (4)\HelpTrack-main\HelpTrack.Application\DTOs\UsuarioDTO.cs(30,63): error CS0246: El nombre del tipo o del espacio de nombres 'SharedResource' no se encontr├│ (┬┐falta una directiva using o una referencia de ensamblado?) [C:\Users\thann\OneDrive\Documents\III CUATRI 2025- AMBIENTE WEB II\Proyecto\HelpTrack-main (4)\HelpTrack-main\HelpTrack.Application\HelpTrack.Application.csproj]
C:\Users\thann\OneDrive\Documents\III CUATRI 2025- AMBIENTE WEB II\Proyecto\HelpTrack-main (4)\HelpTrack-main\HelpTrack.Application\DTOs\UsuarioDTO.cs(33,60): error CS0246: El nombre del tipo o del espacio de nombres 'SharedResource' no se encontr├│ (┬┐falta una directiva using o una referencia de ensamblado?) [C:\Users\thann\OneDrive\Documents\III CUATRI 2025- AMBIENTE WEB II\Proyecto\HelpTrack-main (4)\HelpTrack-main\HelpTrack.Application\HelpTrack.Application.csproj]
C:\Users\thann\OneDrive\Documents\III CUATRI 2025- AMBIENTE WEB II\Proyecto\HelpTrack-main (4)\HelpTrack-main\HelpTrack.Application\DTOs\TicketDTO.cs(51,60): error CS0246: El nombre del tipo o del espacio de nombres 'SharedResource' no se encontr├│ (┬┐falta una directiva using o una referencia de ensamblado?) [C:\Users\thann\OneDrive\Documents\III CUATRI 2025- AMBIENTE WEB II\Proyecto\HelpTrack-main (4)\HelpTrack-main\HelpTrack.Application\HelpTrack.Application.csproj]

ERROR al compilar.

C:\Users\thann\OneDrive\Documents\III CUATRI 2025- AMBIENTE WEB II\Proyecto\HelpTrack-main (4)\HelpTrack-main\HelpTrack.Application\HelpTrack.Application.csproj : warning NU1701: El paquete "Microsoft.AspNet.Mvc 5.3.0" se restaur├│ con ".NETFramework,Version=v4.6.1, .NETFramework,Version=v4.6.2, .NETFramework,Version=v4.7, .NETFramework,Version=v4.7.1, .NETFramework,Version=v4.7.2, .NETFramework,Version=v4.8, .NETFramework,Version=v4.8.1" en lugar de la plataforma de destino del proyecto "net8.0". Puede que el paquete no sea totalmente compatible con el proyecto. [C:\Users\thann\OneDrive\Documents\III CUATRI 2025- AMBIENTE WEB II\Proyecto\HelpTrack-main (4)\HelpTrack-main\HelpTrackWeb.sln]
C:\Users\thann\OneDrive\Documents\III CUATRI 2025- AMBIENTE WEB II\Proyecto\HelpTrack-main (4)\HelpTrack-main\HelpTrack.Application\HelpTrack.Application.csproj : warning NU1701: El paquete "Microsoft.AspNet.Razor 3.3.0" se restaur├│ con ".NETFramework,Version=v4.6.1, .NETFramework,Version=v4.6.2, .NETFramework,Version=v4.7, .NETFramework,Version=v4.7.1, .NETFramework,Version=v4.7.2, .NETFramework,Version=v4.8, .NETFramework,Version=v4.8.1" en lugar de la plataforma de destino del proyecto "net8.0". Puede que el paquete no sea totalmente compatible con el proyecto. [C:\Users\thann\OneDrive\Documents\III CUATRI 2025- AMBIENTE WEB II\Proyecto\HelpTrack-main (4)\HelpTrack-main\HelpTrackWeb.sln]
C:\Users\thann\OneDrive\Documents\III CUATRI 2025- AMBIENTE WEB II\Proyecto\HelpTrack-main (4)\HelpTrack-main\HelpTrack.Application\HelpTrack.Application.csproj : warning NU1701: El paquete "Microsoft.AspNet.WebPages 3.3.0" se restaur├│ con ".NETFramework,Version=v4.6.1, .NETFramework,Version=v4.6.2, .NETFramework,Version=v4.7, .NETFramework,Version=v4.7.1, .NETFramework,Version=v4.7.2, .NETFramework,Version=v4.8, .NETFramework,Version=v4.8.1" en lugar de la plataforma de destino del proyecto "net8.0". Puede que el paquete no sea totalmente compatible con el proyecto. [C:\Users\thann\OneDrive\Documents\III CUATRI 2025- AMBIENTE WEB II\Proyecto\HelpTrack-main (4)\HelpTrack-main\HelpTrackWeb.sln]
C:\Users\thann\OneDrive\Documents\III CUATRI 2025- AMBIENTE WEB II\Proyecto\HelpTrack-main (4)\HelpTrack-main\HelpTrack.Application\HelpTrack.Application.csproj : warning NU1701: El paquete "Microsoft.Web.Infrastructure 1.0.0" se restaur├│ con ".NETFramework,Version=v4.6.1, .NETFramework,Version=v4.6.2, .NETFramework,Version=v4.7, .NETFramework,Version=v4.7.1, .NETFramework,Version=v4.7.2, .NETFramework,Version=v4.8, .NETFramework,Version=v4.8.1" en lugar de la plataforma de destino del proyecto "net8.0". Puede que el paquete no sea totalmente compatible con el proyecto. [C:\Users\thann\OneDrive\Documents\III CUATRI 2025- AMBIENTE WEB II\Proyecto\HelpTrack-main (4)\HelpTrack-main\HelpTrackWeb.sln]
C:\Users\thann\OneDrive\Documents\III CUATRI 2025- AMBIENTE WEB II\Proyecto\HelpTrack-main (4)\HelpTrack-main\HelpTrack\HelpTrackWeb.csproj : warning NU1701: El paquete "Microsoft.AspNet.Mvc 5.3.0" se restaur├│ con ".NETFramework,Version=v4.6.1, .NETFramework,Version=v4.6.2, .NETFramework,Version=v4.7, .NETFramework,Version=v4.7.1, .NETFramework,Version=v4.7.2, .NETFramework,Version=v4.8, .NETFramework,Version=v4.8.1" en lugar de la plataforma de destino del proyecto "net8.0". Puede que el paquete no sea totalmente compatible con el proyecto. [C:\Users\thann\OneDrive\Documents\III CUATRI 2025- AMBIENTE WEB II\Proyecto\HelpTrack-main (4)\HelpTrack-main\HelpTrackWeb.sln]
C:\Users\thann\OneDrive\Documents\III CUATRI 2025- AMBIENTE WEB II\Proyecto\HelpTrack-main (4)\HelpTrack-main\HelpTrack\HelpTrackWeb.csproj : warning NU1701: El paquete "Microsoft.AspNet.Razor 3.3.0" se restaur├│ con ".NETFramework,Version=v4.6.1, .NETFramework,Version=v4.6.2, .NETFramework,Version=v4.7, .NETFramework,Version=v4.7.1, .NETFramework,Version=v4.7.2, .NETFramework,Version=v4.8, .NETFramework,Version=v4.8.1" en lugar de la plataforma de destino del proyecto "net8.0". Puede que el paquete no sea totalmente compatible con el proyecto. [C:\Users\thann\OneDrive\Documents\III CUATRI 2025- AMBIENTE WEB II\Proyecto\HelpTrack-main (4)\HelpTrack-main\HelpTrackWeb.sln]
C:\Users\thann\OneDrive\Documents\III CUATRI 2025- AMBIENTE WEB II\Proyecto\HelpTrack-main (4)\HelpTrack-main\HelpTrack\HelpTrackWeb.csproj : warning NU1701: El paquete "Microsoft.AspNet.WebPages 3.3.0" se restaur├│ con ".NETFramework,Version=v4.6.1, .NETFramework,Version=v4.6.2, .NETFramework,Version=v4.7, .NETFramework,Version=v4.7.1, .NETFramework,Version=v4.7.2, .NETFramework,Version=v4.8, .NETFramework,Version=v4.8.1" en lugar de la plataforma de destino del proyecto "net8.0". Puede que el paquete no sea totalmente compatible con el proyecto. [C:\Users\thann\OneDrive\Documents\III CUATRI 2025- AMBIENTE WEB II\Proyecto\HelpTrack-main (4)\HelpTrack-main\HelpTrackWeb.sln]
C:\Users\thann\OneDrive\Documents\III CUATRI 2025- AMBIENTE WEB II\Proyecto\HelpTrack-main (4)\HelpTrack-main\HelpTrack\HelpTrackWeb.csproj : warning NU1701: El paquete "Microsoft.Web.Infrastructure 1.0.0" se restaur├│ con ".NETFramework,Version=v4.6.1, .NETFramework,Version=v4.6.2, .NETFramework,Version=v4.7, .NETFramework,Version=v4.7.1, .NETFramework,Version=v4.7.2, .NETFramework,Version=v4.8, .NETFramework,Version=v4.8.1" en lugar de la plataforma de destino del proyecto "net8.0". Puede que el paquete no sea totalmente compatible con el proyecto. [C:\Users\thann\OneDrive\Documents\III CUATRI 2025- AMBIENTE WEB II\Proyecto\HelpTrack-main (4)\HelpTrack-main\HelpTrackWeb.sln]
C:\Users\thann\OneDrive\Documents\III CUATRI 2025- AMBIENTE WEB II\Proyecto\HelpTrack-main (4)\HelpTrack-main\HelpTrack.Application\HelpTrack.Application.csproj : warning NU1701: El paquete "Microsoft.AspNet.Mvc 5.3.0" se restaur├│ con ".NETFramework,Version=v4.6.1, .NETFramework,Version=v4.6.2, .NETFramework,Version=v4.7, .NETFramework,Version=v4.7.1, .NETFramework,Version=v4.7.2, .NETFramework,Version=v4.8, .NETFramework,Version=v4.8.1" en lugar de la plataforma de destino del proyecto "net8.0". Puede que el paquete no sea totalmente compatible con el proyecto.
C:\Users\thann\OneDrive\Documents\III CUATRI 2025- AMBIENTE WEB II\Proyecto\HelpTrack-main (4)\HelpTrack-main\HelpTrack.Application\HelpTrack.Application.csproj : warning NU1701: El paquete "Microsoft.AspNet.Razor 3.3.0" se restaur├│ con ".NETFramework,Version=v4.6.1, .NETFramework,Version=v4.6.2, .NETFramework,Version=v4.7, .NETFramework,Version=v4.7.1, .NETFramework,Version=v4.7.2, .NETFramework,Version=v4.8, .NETFramework,Version=v4.8.1" en lugar de la plataforma de destino del proyecto "net8.0". Puede que el paquete no sea totalmente compatible con el proyecto.
C:\Users\thann\OneDrive\Documents\III CUATRI 2025- AMBIENTE WEB II\Proyecto\HelpTrack-main (4)\HelpTrack-main\HelpTrack.Application\HelpTrack.Application.csproj : warning NU1701: El paquete "Microsoft.AspNet.WebPages 3.3.0" se restaur├│ con ".NETFramework,Version=v4.6.1, .NETFramework,Version=v4.6.2, .NETFramework,Version=v4.7, .NETFramework,Version=v4.7.1, .NETFramework,Version=v4.7.2, .NETFramework,Version=v4.8, .NETFramework,Version=v4.8.1" en lugar de la plataforma de destino del proyecto "net8.0". Puede que el paquete no sea totalmente compatible con el proyecto.
C:\Users\thann\OneDrive\Documents\III CUATRI 2025- AMBIENTE WEB II\Proyecto\HelpTrack-main (4)\HelpTrack-main\HelpTrack.Application\HelpTrack.Application.csproj : warning NU1701: El paquete "Microsoft.Web.Infrastructure 1.0.0" se restaur├│ con ".NETFramework,Version=v4.6.1, .NETFramework,Version=v4.6.2, .NETFramework,Version=v4.7, .NETFramework,Version=v4.7.1, .NETFramework,Version=v4.7.2, .NETFramework,Version=v4.8, .NETFramework,Version=v4.8.1" en lugar de la plataforma de destino del proyecto "net8.0". Puede que el paquete no sea totalmente compatible con el proyecto.
C:\Users\thann\OneDrive\Documents\III CUATRI 2025- AMBIENTE WEB II\Proyecto\HelpTrack-main (4)\HelpTrack-main\HelpTrack.Application\DTOs\AsignacionTicketDTO.cs(6,17): error CS0234: El tipo o el nombre del espacio de nombres 'Resources' no existe en el espacio de nombres 'HelpTrack' (┬┐falta alguna referencia de ensamblado?) [C:\Users\thann\OneDrive\Documents\III CUATRI 2025- AMBIENTE WEB II\Proyecto\HelpTrack-main (4)\HelpTrack-main\HelpTrack.Application\HelpTrack.Application.csproj]
C:\Users\thann\OneDrive\Documents\III CUATRI 2025- AMBIENTE WEB II\Proyecto\HelpTrack-main (4)\HelpTrack-main\HelpTrack.Application\DTOs\CategoriaDTO.cs(4,17): error CS0234: El tipo o el nombre del espacio de nombres 'Resources' no existe en el espacio de nombres 'HelpTrack' (┬┐falta alguna referencia de ensamblado?) [C:\Users\thann\OneDrive\Documents\III CUATRI 2025- AMBIENTE WEB II\Proyecto\HelpTrack-main (4)\HelpTrack-main\HelpTrack.Application\HelpTrack.Application.csproj]
C:\Users\thann\OneDrive\Documents\III CUATRI 2025- AMBIENTE WEB II\Proyecto\HelpTrack-main (4)\HelpTrack-main\HelpTrack.Application\DTOs\TecnicoDTO.cs(4,17): error CS0234: El tipo o el nombre del espacio de nombres 'Resources' no existe en el espacio de nombres 'HelpTrack' (┬┐falta alguna referencia de ensamblado?) [C:\Users\thann\OneDrive\Documents\III CUATRI 2025- AMBIENTE WEB II\Proyecto\HelpTrack-main (4)\HelpTrack-main\HelpTrack.Application\HelpTrack.Application.csproj]
C:\Users\thann\OneDrive\Documents\III CUATRI 2025- AMBIENTE WEB II\Proyecto\HelpTrack-main (4)\HelpTrack-main\HelpTrack.Application\DTOs\TicketDTO.cs(6,17): error CS0234: El tipo o el nombre del espacio de nombres 'Resources' no existe en el espacio de nombres 'HelpTrack' (┬┐falta alguna referencia de ensamblado?) [C:\Users\thann\OneDrive\Documents\III CUATRI 2025- AMBIENTE WEB II\Proyecto\HelpTrack-main (4)\HelpTrack-main\HelpTrack.Application\HelpTrack.Application.csproj]
C:\Users\thann\OneDrive\Documents\III CUATRI 2025- AMBIENTE WEB II\Proyecto\HelpTrack-main (4)\HelpTrack-main\HelpTrack.Application\DTOs\UsuarioDTO.cs(7,17): error CS0234: El tipo o el nombre del espacio de nombres 'Resources' no existe en el espacio de nombres 'HelpTrack' (┬┐falta alguna referencia de ensamblado?) [C:\Users\thann\OneDrive\Documents\III CUATRI 2025- AMBIENTE WEB II\Proyecto\HelpTrack-main (4)\HelpTrack-main\HelpTrack.Application\HelpTrack.Application.csproj]
C:\Users\thann\OneDrive\Documents\III CUATRI 2025- AMBIENTE WEB II\Proyecto\HelpTrack-main (4)\HelpTrack-main\HelpTrack.Application\DTOs\CategoriaDTO.cs(12,63): error CS0246: El nombre del tipo o del espacio de nombres 'SharedResource' no se encontr├│ (┬┐falta una directiva using o una referencia de ensamblado?) [C:\Users\thann\OneDrive\Documents\III CUATRI 2025- AMBIENTE WEB II\Proyecto\HelpTrack-main (4)\HelpTrack-main\HelpTrack.Application\HelpTrack.Application.csproj]
C:\Users\thann\OneDrive\Documents\III CUATRI 2025- AMBIENTE WEB II\Proyecto\HelpTrack-main (4)\HelpTrack-main\HelpTrack.Application\DTOs\CategoriaDTO.cs(15,62): error CS0246: El nombre del tipo o del espacio de nombres 'SharedResource' no se encontr├│ (┬┐falta una directiva using o una referencia de ensamblado?) [C:\Users\thann\OneDrive\Documents\III CUATRI 2025- AMBIENTE WEB II\Proyecto\HelpTrack-main (4)\HelpTrack-main\HelpTrack.Application\HelpTrack.Application.csproj]
C:\Users\thann\OneDrive\Documents\III CUATRI 2025- AMBIENTE WEB II\Proyecto\HelpTrack-main (4)\HelpTrack-main\HelpTrack.Application\DTOs\CategoriaDTO.cs(18,53): error CS0246: El nombre del tipo o del espacio de nombres 'SharedResource' no se encontr├│ (┬┐falta una directiva using o una referencia de ensamblado?) [C:\Users\thann\OneDrive\Documents\III CUATRI 2025- AMBIENTE WEB II\Proyecto\HelpTrack-main (4)\HelpTrack-main\HelpTrack.Application\HelpTrack.Application.csproj]
C:\Users\thann\OneDrive\Documents\III CUATRI 2025- AMBIENTE WEB II\Proyecto\HelpTrack-main (4)\HelpTrack-main\HelpTrack.Application\DTOs\CategoriaDTO.cs(19,54): error CS0246: El nombre del tipo o del espacio de nombres 'SharedResource' no se encontr├│ (┬┐falta una directiva using o una referencia de ensamblado?) [C:\Users\thann\OneDrive\Documents\III CUATRI 2025- AMBIENTE WEB II\Proyecto\HelpTrack-main (4)\HelpTrack-main\HelpTrack.Application\HelpTrack.Application.csproj]
C:\Users\thann\OneDrive\Documents\III CUATRI 2025- AMBIENTE WEB II\Proyecto\HelpTrack-main (4)\HelpTrack-main\HelpTrack.Application\DTOs\CategoriaDTO.cs(22,66): error CS0246: El nombre del tipo o del espacio de nombres 'SharedResource' no se encontr├│ (┬┐falta una directiva using o una referencia de ensamblado?) [C:\Users\thann\OneDrive\Documents\III CUATRI 2025- AMBIENTE WEB II\Proyecto\HelpTrack-main (4)\HelpTrack-main\HelpTrack.Application\HelpTrack.Application.csproj]
C:\Users\thann\OneDrive\Documents\III CUATRI 2025- AMBIENTE WEB II\Proyecto\HelpTrack-main (4)\HelpTrack-main\HelpTrack.Application\DTOs\CategoriaDTO.cs(25,68): error CS0246: El nombre del tipo o del espacio de nombres 'SharedResource' no se encontr├│ (┬┐falta una directiva using o una referencia de ensamblado?) [C:\Users\thann\OneDrive\Documents\III CUATRI 2025- AMBIENTE WEB II\Proyecto\HelpTrack-main (4)\HelpTrack-main\HelpTrack.Application\HelpTrack.Application.csproj]
C:\Users\thann\OneDrive\Documents\III CUATRI 2025- AMBIENTE WEB II\Proyecto\HelpTrack-main (4)\HelpTrack-main\HelpTrack.Application\DTOs\AsignacionTicketDTO.cs(14,53): error CS0246: El nombre del tipo o del espacio de nombres 'SharedResource' no se encontr├│ (┬┐falta una directiva using o una referencia de ensamblado?) [C:\Users\thann\OneDrive\Documents\III CUATRI 2025- AMBIENTE WEB II\Proyecto\HelpTrack-main (4)\HelpTrack-main\HelpTrack.Application\HelpTrack.Application.csproj]
C:\Users\thann\OneDrive\Documents\III CUATRI 2025- AMBIENTE WEB II\Proyecto\HelpTrack-main (4)\HelpTrack-main\HelpTrack.Application\DTOs\CategoriaDTO.cs(28,55): error CS0246: El nombre del tipo o del espacio de nombres 'SharedResource' no se encontr├│ (┬┐falta una directiva using o una referencia de ensamblado?) [C:\Users\thann\OneDrive\Documents\III CUATRI 2025- AMBIENTE WEB II\Proyecto\HelpTrack-main (4)\HelpTrack-main\HelpTrack.Application\HelpTrack.Application.csproj]
C:\Users\thann\OneDrive\Documents\III CUATRI 2025- AMBIENTE WEB II\Proyecto\HelpTrack-main (4)\HelpTrack-main\HelpTrack.Application\DTOs\CategoriaDTO.cs(31,62): error CS0246: El nombre del tipo o del espacio de nombres 'SharedResource' no se encontr├│ (┬┐falta una directiva using o una referencia de ensamblado?) [C:\Users\thann\OneDrive\Documents\III CUATRI 2025- AMBIENTE WEB II\Proyecto\HelpTrack-main (4)\HelpTrack-main\HelpTrack.Application\HelpTrack.Application.csproj]
C:\Users\thann\OneDrive\Documents\III CUATRI 2025- AMBIENTE WEB II\Proyecto\HelpTrack-main (4)\HelpTrack-main\HelpTrack.Application\DTOs\TecnicoDTO.cs(10,63): error CS0246: El nombre del tipo o del espacio de nombres 'SharedResource' no se encontr├│ (┬┐falta una directiva using o una referencia de ensamblado?) [C:\Users\thann\OneDrive\Documents\III CUATRI 2025- AMBIENTE WEB II\Proyecto\HelpTrack-main (4)\HelpTrack-main\HelpTrack.Application\HelpTrack.Application.csproj]
C:\Users\thann\OneDrive\Documents\III CUATRI 2025- AMBIENTE WEB II\Proyecto\HelpTrack-main (4)\HelpTrack-main\HelpTrack.Application\DTOs\AsignacionTicketDTO.cs(17,53): error CS0246: El nombre del tipo o del espacio de nombres 'SharedResource' no se encontr├│ (┬┐falta una directiva using o una referencia de ensamblado?) [C:\Users\thann\OneDrive\Documents\III CUATRI 2025- AMBIENTE WEB II\Proyecto\HelpTrack-main (4)\HelpTrack-main\HelpTrack.Application\HelpTrack.Application.csproj]
C:\Users\thann\OneDrive\Documents\III CUATRI 2025- AMBIENTE WEB II\Proyecto\HelpTrack-main (4)\HelpTrack-main\HelpTrack.Application\DTOs\AsignacionTicketDTO.cs(18,61): error CS0246: El nombre del tipo o del espacio de nombres 'SharedResource' no se encontr├│ (┬┐falta una directiva using o una referencia de ensamblado?) [C:\Users\thann\OneDrive\Documents\III CUATRI 2025- AMBIENTE WEB II\Proyecto\HelpTrack-main (4)\HelpTrack-main\HelpTrack.Application\HelpTrack.Application.csproj]
C:\Users\thann\OneDrive\Documents\III CUATRI 2025- AMBIENTE WEB II\Proyecto\HelpTrack-main (4)\HelpTrack-main\HelpTrack.Application\DTOs\TecnicoDTO.cs(14,56): error CS0246: El nombre del tipo o del espacio de nombres 'SharedResource' no se encontr├│ (┬┐falta una directiva using o una referencia de ensamblado?) [C:\Users\thann\OneDrive\Documents\III CUATRI 2025- AMBIENTE WEB II\Proyecto\HelpTrack-main (4)\HelpTrack-main\HelpTrack.Application\HelpTrack.Application.csproj]
C:\Users\thann\OneDrive\Documents\III CUATRI 2025- AMBIENTE WEB II\Proyecto\HelpTrack-main (4)\HelpTrack-main\HelpTrack.Application\DTOs\TecnicoDTO.cs(15,53): error CS0246: El nombre del tipo o del espacio de nombres 'SharedResource' no se encontr├│ (┬┐falta una directiva using o una referencia de ensamblado?) [C:\Users\thann\OneDrive\Documents\III CUATRI 2025- AMBIENTE WEB II\Proyecto\HelpTrack-main (4)\HelpTrack-main\HelpTrack.Application\HelpTrack.Application.csproj]
C:\Users\thann\OneDrive\Documents\III CUATRI 2025- AMBIENTE WEB II\Proyecto\HelpTrack-main (4)\HelpTrack-main\HelpTrack.Application\DTOs\TicketDTO.cs(12,59): error CS0246: El nombre del tipo o del espacio de nombres 'SharedResource' no se encontr├│ (┬┐falta una directiva using o una referencia de ensamblado?) [C:\Users\thann\OneDrive\Documents\III CUATRI 2025- AMBIENTE WEB II\Proyecto\HelpTrack-main (4)\HelpTrack-main\HelpTrack.Application\HelpTrack.Application.csproj]
C:\Users\thann\OneDrive\Documents\III CUATRI 2025- AMBIENTE WEB II\Proyecto\HelpTrack-main (4)\HelpTrack-main\HelpTrack.Application\DTOs\AsignacionTicketDTO.cs(21,53): error CS0246: El nombre del tipo o del espacio de nombres 'SharedResource' no se encontr├│ (┬┐falta una directiva using o una referencia de ensamblado?) [C:\Users\thann\OneDrive\Documents\III CUATRI 2025- AMBIENTE WEB II\Proyecto\HelpTrack-main (4)\HelpTrack-main\HelpTrack.Application\HelpTrack.Application.csproj]
C:\Users\thann\OneDrive\Documents\III CUATRI 2025- AMBIENTE WEB II\Proyecto\HelpTrack-main (4)\HelpTrack-main\HelpTrack.Application\DTOs\AsignacionTicketDTO.cs(22,57): error CS0246: El nombre del tipo o del espacio de nombres 'SharedResource' no se encontr├│ (┬┐falta una directiva using o una referencia de ensamblado?) [C:\Users\thann\OneDrive\Documents\III CUATRI 2025- AMBIENTE WEB II\Proyecto\HelpTrack-main (4)\HelpTrack-main\HelpTrack.Application\HelpTrack.Application.csproj]
C:\Users\thann\OneDrive\Documents\III CUATRI 2025- AMBIENTE WEB II\Proyecto\HelpTrack-main (4)\HelpTrack-main\HelpTrack.Application\DTOs\TecnicoDTO.cs(20,64): error CS0246: El nombre del tipo o del espacio de nombres 'SharedResource' no se encontr├│ (┬┐falta una directiva using o una referencia de ensamblado?) [C:\Users\thann\OneDrive\Documents\III CUATRI 2025- AMBIENTE WEB II\Proyecto\HelpTrack-main (4)\HelpTrack-main\HelpTrack.Application\HelpTrack.Application.csproj]
C:\Users\thann\OneDrive\Documents\III CUATRI 2025- AMBIENTE WEB II\Proyecto\HelpTrack-main (4)\HelpTrack-main\HelpTrack.Application\DTOs\TecnicoDTO.cs(21,57): error CS0246: El nombre del tipo o del espacio de nombres 'SharedResource' no se encontr├│ (┬┐falta una directiva using o una referencia de ensamblado?) [C:\Users\thann\OneDrive\Documents\III CUATRI 2025- AMBIENTE WEB II\Proyecto\HelpTrack-main (4)\HelpTrack-main\HelpTrack.Application\HelpTrack.Application.csproj]
C:\Users\thann\OneDrive\Documents\III CUATRI 2025- AMBIENTE WEB II\Proyecto\HelpTrack-main (4)\HelpTrack-main\HelpTrack.Application\DTOs\TicketDTO.cs(16,53): error CS0246: El nombre del tipo o del espacio de nombres 'SharedResource' no se encontr├│ (┬┐falta una directiva using o una referencia de ensamblado?) [C:\Users\thann\OneDrive\Documents\III CUATRI 2025- AMBIENTE WEB II\Proyecto\HelpTrack-main (4)\HelpTrack-main\HelpTrack.Application\HelpTrack.Application.csproj]
C:\Users\thann\OneDrive\Documents\III CUATRI 2025- AMBIENTE WEB II\Proyecto\HelpTrack-main (4)\HelpTrack-main\HelpTrack.Application\DTOs\TicketDTO.cs(18,56): error CS0246: El nombre del tipo o del espacio de nombres 'SharedResource' no se encontr├│ (┬┐falta una directiva using o una referencia de ensamblado?) [C:\Users\thann\OneDrive\Documents\III CUATRI 2025- AMBIENTE WEB II\Proyecto\HelpTrack-main (4)\HelpTrack-main\HelpTrack.Application\HelpTrack.Application.csproj]
C:\Users\thann\OneDrive\Documents\III CUATRI 2025- AMBIENTE WEB II\Proyecto\HelpTrack-main (4)\HelpTrack-main\HelpTrack.Application\DTOs\UsuarioDTO.cs(15,53): error CS0246: El nombre del tipo o del espacio de nombres 'SharedResource' no se encontr├│ (┬┐falta una directiva using o una referencia de ensamblado?) [C:\Users\thann\OneDrive\Documents\III CUATRI 2025- AMBIENTE WEB II\Proyecto\HelpTrack-main (4)\HelpTrack-main\HelpTrack.Application\HelpTrack.Application.csproj]
C:\Users\thann\OneDrive\Documents\III CUATRI 2025- AMBIENTE WEB II\Proyecto\HelpTrack-main (4)\HelpTrack-main\HelpTrack.Application\DTOs\UsuarioDTO.cs(16,57): error CS0246: El nombre del tipo o del espacio de nombres 'SharedResource' no se encontr├│ (┬┐falta una directiva using o una referencia de ensamblado?) [C:\Users\thann\OneDrive\Documents\III CUATRI 2025- AMBIENTE WEB II\Proyecto\HelpTrack-main (4)\HelpTrack-main\HelpTrack.Application\HelpTrack.Application.csproj]
C:\Users\thann\OneDrive\Documents\III CUATRI 2025- AMBIENTE WEB II\Proyecto\HelpTrack-main (4)\HelpTrack-main\HelpTrack.Application\DTOs\UsuarioDTO.cs(17,62): error CS0246: El nombre del tipo o del espacio de nombres 'SharedResource' no se encontr├│ (┬┐falta una directiva using o una referencia de ensamblado?) [C:\Users\thann\OneDrive\Documents\III CUATRI 2025- AMBIENTE WEB II\Proyecto\HelpTrack-main (4)\HelpTrack-main\HelpTrack.Application\HelpTrack.Application.csproj]
C:\Users\thann\OneDrive\Documents\III CUATRI 2025- AMBIENTE WEB II\Proyecto\HelpTrack-main (4)\HelpTrack-main\HelpTrack.Application\DTOs\UsuarioDTO.cs(18,56): error CS0246: El nombre del tipo o del espacio de nombres 'SharedResource' no se encontr├│ (┬┐falta una directiva using o una referencia de ensamblado?) [C:\Users\thann\OneDrive\Documents\III CUATRI 2025- AMBIENTE WEB II\Proyecto\HelpTrack-main (4)\HelpTrack-main\HelpTrack.Application\HelpTrack.Application.csproj]
C:\Users\thann\OneDrive\Documents\III CUATRI 2025- AMBIENTE WEB II\Proyecto\HelpTrack-main (4)\HelpTrack-main\HelpTrack.Application\DTOs\AsignacionTicketDTO.cs(25,59): error CS0246: El nombre del tipo o del espacio de nombres 'SharedResource' no se encontr├│ (┬┐falta una directiva using o una referencia de ensamblado?) [C:\Users\thann\OneDrive\Documents\III CUATRI 2025- AMBIENTE WEB II\Proyecto\HelpTrack-main (4)\HelpTrack-main\HelpTrack.Application\HelpTrack.Application.csproj]
C:\Users\thann\OneDrive\Documents\III CUATRI 2025- AMBIENTE WEB II\Proyecto\HelpTrack-main (4)\HelpTrack-main\HelpTrack.Application\DTOs\AsignacionTicketDTO.cs(26,56): error CS0246: El nombre del tipo o del espacio de nombres 'SharedResource' no se encontr├│ (┬┐falta una directiva using o una referencia de ensamblado?) [C:\Users\thann\OneDrive\Documents\III CUATRI 2025- AMBIENTE WEB II\Proyecto\HelpTrack-main (4)\HelpTrack-main\HelpTrack.Application\HelpTrack.Application.csproj]
C:\Users\thann\OneDrive\Documents\III CUATRI 2025- AMBIENTE WEB II\Proyecto\HelpTrack-main (4)\HelpTrack-main\HelpTrack.Application\DTOs\TicketDTO.cs(21,62): error CS0246: El nombre del tipo o del espacio de nombres 'SharedResource' no se encontr├│ (┬┐falta una directiva using o una referencia de ensamblado?) [C:\Users\thann\OneDrive\Documents\III CUATRI 2025- AMBIENTE WEB II\Proyecto\HelpTrack-main (4)\HelpTrack-main\HelpTrack.Application\HelpTrack.Application.csproj]
C:\Users\thann\OneDrive\Documents\III CUATRI 2025- AMBIENTE WEB II\Proyecto\HelpTrack-main (4)\HelpTrack-main\HelpTrack.Application\DTOs\TicketDTO.cs(22,53): error CS0246: El nombre del tipo o del espacio de nombres 'SharedResource' no se encontr├│ (┬┐falta una directiva using o una referencia de ensamblado?) [C:\Users\thann\OneDrive\Documents\III CUATRI 2025- AMBIENTE WEB II\Proyecto\HelpTrack-main (4)\HelpTrack-main\HelpTrack.Application\HelpTrack.Application.csproj]
C:\Users\thann\OneDrive\Documents\III CUATRI 2025- AMBIENTE WEB II\Proyecto\HelpTrack-main (4)\HelpTrack-main\HelpTrack.Application\DTOs\AsignacionTicketDTO.cs(29,64): error CS0246: El nombre del tipo o del espacio de nombres 'SharedResource' no se encontr├│ (┬┐falta una directiva using o una referencia de ensamblado?) [C:\Users\thann\OneDrive\Documents\III CUATRI 2025- AMBIENTE WEB II\Proyecto\HelpTrack-main (4)\HelpTrack-main\HelpTrack.Application\HelpTrack.Application.csproj]
C:\Users\thann\OneDrive\Documents\III CUATRI 2025- AMBIENTE WEB II\Proyecto\HelpTrack-main (4)\HelpTrack-main\HelpTrack.Application\DTOs\AsignacionTicketDTO.cs(30,53): error CS0246: El nombre del tipo o del espacio de nombres 'SharedResource' no se encontr├│ (┬┐falta una directiva using o una referencia de ensamblado?) [C:\Users\thann\OneDrive\Documents\III CUATRI 2025- AMBIENTE WEB II\Proyecto\HelpTrack-main (4)\HelpTrack-main\HelpTrack.Application\HelpTrack.Application.csproj]
C:\Users\thann\OneDrive\Documents\III CUATRI 2025- AMBIENTE WEB II\Proyecto\HelpTrack-main (4)\HelpTrack-main\HelpTrack.Application\DTOs\AsignacionTicketDTO.cs(31,62): error CS0246: El nombre del tipo o del espacio de nombres 'SharedResource' no se encontr├│ (┬┐falta una directiva using o una referencia de ensamblado?) [C:\Users\thann\OneDrive\Documents\III CUATRI 2025- AMBIENTE WEB II\Proyecto\HelpTrack-main (4)\HelpTrack-main\HelpTrack.Application\HelpTrack.Application.csproj]
C:\Users\thann\OneDrive\Documents\III CUATRI 2025- AMBIENTE WEB II\Proyecto\HelpTrack-main (4)\HelpTrack-main\HelpTrack.Application\DTOs\TicketDTO.cs(25,59): error CS0246: El nombre del tipo o del espacio de nombres 'SharedResource' no se encontr├│ (┬┐falta una directiva using o una referencia de ensamblado?) [C:\Users\thann\OneDrive\Documents\III CUATRI 2025- AMBIENTE WEB II\Proyecto\HelpTrack-main (4)\HelpTrack-main\HelpTrack.Application\HelpTrack.Application.csproj]
C:\Users\thann\OneDrive\Documents\III CUATRI 2025- AMBIENTE WEB II\Proyecto\HelpTrack-main (4)\HelpTrack-main\HelpTrack.Application\DTOs\TicketDTO.cs(26,53): error CS0246: El nombre del tipo o del espacio de nombres 'SharedResource' no se encontr├│ (┬┐falta una directiva using o una referencia de ensamblado?) [C:\Users\thann\OneDrive\Documents\III CUATRI 2025- AMBIENTE WEB II\Proyecto\HelpTrack-main (4)\HelpTrack-main\HelpTrack.Application\HelpTrack.Application.csproj]
C:\Users\thann\OneDrive\Documents\III CUATRI 2025- AMBIENTE WEB II\Proyecto\HelpTrack-main (4)\HelpTrack-main\HelpTrack.Application\DTOs\TicketDTO.cs(29,59): error CS0246: El nombre del tipo o del espacio de nombres 'SharedResource' no se encontr├│ (┬┐falta una directiva using o una referencia de ensamblado?) [C:\Users\thann\OneDrive\Documents\III CUATRI 2025- AMBIENTE WEB II\Proyecto\HelpTrack-main (4)\HelpTrack-main\HelpTrack.Application\HelpTrack.Application.csproj]
C:\Users\thann\OneDrive\Documents\III CUATRI 2025- AMBIENTE WEB II\Proyecto\HelpTrack-main (4)\HelpTrack-main\HelpTrack.Application\DTOs\TicketDTO.cs(30,53): error CS0246: El nombre del tipo o del espacio de nombres 'SharedResource' no se encontr├│ (┬┐falta una directiva using o una referencia de ensamblado?) [C:\Users\thann\OneDrive\Documents\III CUATRI 2025- AMBIENTE WEB II\Proyecto\HelpTrack-main (4)\HelpTrack-main\HelpTrack.Application\HelpTrack.Application.csproj]
C:\Users\thann\OneDrive\Documents\III CUATRI 2025- AMBIENTE WEB II\Proyecto\HelpTrack-main (4)\HelpTrack-main\HelpTrack.Application\DTOs\TicketDTO.cs(33,62): error CS0246: El nombre del tipo o del espacio de nombres 'SharedResource' no se encontr├│ (┬┐falta una directiva using o una referencia de ensamblado?) [C:\Users\thann\OneDrive\Documents\III CUATRI 2025- AMBIENTE WEB II\Proyecto\HelpTrack-main (4)\HelpTrack-main\HelpTrack.Application\HelpTrack.Application.csproj]
C:\Users\thann\OneDrive\Documents\III CUATRI 2025- AMBIENTE WEB II\Proyecto\HelpTrack-main (4)\HelpTrack-main\HelpTrack.Application\DTOs\UsuarioDTO.cs(21,53): error CS0246: El nombre del tipo o del espacio de nombres 'SharedResource' no se encontr├│ (┬┐falta una directiva using o una referencia de ensamblado?) [C:\Users\thann\OneDrive\Documents\III CUATRI 2025- AMBIENTE WEB II\Proyecto\HelpTrack-main (4)\HelpTrack-main\HelpTrack.Application\HelpTrack.Application.csproj]
C:\Users\thann\OneDrive\Documents\III CUATRI 2025- AMBIENTE WEB II\Proyecto\HelpTrack-main (4)\HelpTrack-main\HelpTrack.Application\DTOs\UsuarioDTO.cs(22,81): error CS0246: El nombre del tipo o del espacio de nombres 'SharedResource' no se encontr├│ (┬┐falta una directiva using o una referencia de ensamblado?) [C:\Users\thann\OneDrive\Documents\III CUATRI 2025- AMBIENTE WEB II\Proyecto\HelpTrack-main (4)\HelpTrack-main\HelpTrack.Application\HelpTrack.Application.csproj]
C:\Users\thann\OneDrive\Documents\III CUATRI 2025- AMBIENTE WEB II\Proyecto\HelpTrack-main (4)\HelpTrack-main\HelpTrack.Application\DTOs\UsuarioDTO.cs(23,92): error CS0246: El nombre del tipo o del espacio de nombres 'SharedResource' no se encontr├│ (┬┐falta una directiva using o una referencia de ensamblado?) [C:\Users\thann\OneDrive\Documents\III CUATRI 2025- AMBIENTE WEB II\Proyecto\HelpTrack-main (4)\HelpTrack-main\HelpTrack.Application\HelpTrack.Application.csproj]
C:\Users\thann\OneDrive\Documents\III CUATRI 2025- AMBIENTE WEB II\Proyecto\HelpTrack-main (4)\HelpTrack-main\HelpTrack.Application\DTOs\UsuarioDTO.cs(24,59): error CS0246: El nombre del tipo o del espacio de nombres 'SharedResource' no se encontr├│ (┬┐falta una directiva using o una referencia de ensamblado?) [C:\Users\thann\OneDrive\Documents\III CUATRI 2025- AMBIENTE WEB II\Proyecto\HelpTrack-main (4)\HelpTrack-main\HelpTrack.Application\HelpTrack.Application.csproj]
C:\Users\thann\OneDrive\Documents\III CUATRI 2025- AMBIENTE WEB II\Proyecto\HelpTrack-main (4)\HelpTrack-main\HelpTrack.Application\DTOs\TicketDTO.cs(36,60): error CS0246: El nombre del tipo o del espacio de nombres 'SharedResource' no se encontr├│ (┬┐falta una directiva using o una referencia de ensamblado?) [C:\Users\thann\OneDrive\Documents\III CUATRI 2025- AMBIENTE WEB II\Proyecto\HelpTrack-main (4)\HelpTrack-main\HelpTrack.Application\HelpTrack.Application.csproj]
C:\Users\thann\OneDrive\Documents\III CUATRI 2025- AMBIENTE WEB II\Proyecto\HelpTrack-main (4)\HelpTrack-main\HelpTrack.Application\DTOs\UsuarioDTO.cs(27,57): error CS0246: El nombre del tipo o del espacio de nombres 'SharedResource' no se encontr├│ (┬┐falta una directiva using o una referencia de ensamblado?) [C:\Users\thann\OneDrive\Documents\III CUATRI 2025- AMBIENTE WEB II\Proyecto\HelpTrack-main (4)\HelpTrack-main\HelpTrack.Application\HelpTrack.Application.csproj]
C:\Users\thann\OneDrive\Documents\III CUATRI 2025- AMBIENTE WEB II\Proyecto\HelpTrack-main (4)\HelpTrack-main\HelpTrack.Application\DTOs\TicketDTO.cs(39,57): error CS0246: El nombre del tipo o del espacio de nombres 'SharedResource' no se encontr├│ (┬┐falta una directiva using o una referencia de ensamblado?) [C:\Users\thann\OneDrive\Documents\III CUATRI 2025- AMBIENTE WEB II\Proyecto\HelpTrack-main (4)\HelpTrack-main\HelpTrack.Application\HelpTrack.Application.csproj]
C:\Users\thann\OneDrive\Documents\III CUATRI 2025- AMBIENTE WEB II\Proyecto\HelpTrack-main (4)\HelpTrack-main\HelpTrack.Application\DTOs\UsuarioDTO.cs(30,63): error CS0246: El nombre del tipo o del espacio de nombres 'SharedResource' no se encontr├│ (┬┐falta una directiva using o una referencia de ensamblado?) [C:\Users\thann\OneDrive\Documents\III CUATRI 2025- AMBIENTE WEB II\Proyecto\HelpTrack-main (4)\HelpTrack-main\HelpTrack.Application\HelpTrack.Application.csproj]
C:\Users\thann\OneDrive\Documents\III CUATRI 2025- AMBIENTE WEB II\Proyecto\HelpTrack-main (4)\HelpTrack-main\HelpTrack.Application\DTOs\UsuarioDTO.cs(33,60): error CS0246: El nombre del tipo o del espacio de nombres 'SharedResource' no se encontr├│ (┬┐falta una directiva using o una referencia de ensamblado?) [C:\Users\thann\OneDrive\Documents\III CUATRI 2025- AMBIENTE WEB II\Proyecto\HelpTrack-main (4)\HelpTrack-main\HelpTrack.Application\HelpTrack.Application.csproj]
C:\Users\thann\OneDrive\Documents\III CUATRI 2025- AMBIENTE WEB II\Proyecto\HelpTrack-main (4)\HelpTrack-main\HelpTrack.Application\DTOs\TicketDTO.cs(51,60): error CS0246: El nombre del tipo o del espacio de nombres 'SharedResource' no se encontr├│ (┬┐falta una directiva using o una referencia de ensamblado?) [C:\Users\thann\OneDrive\Documents\III CUATRI 2025- AMBIENTE WEB II\Proyecto\HelpTrack-main (4)\HelpTrack-main\HelpTrack.Application\HelpTrack.Application.csproj]
    12 Advertencia(s)
    52 Errores

Tiempo transcurrido 00:00:02.69

Hay actualizaciones de carga de trabajo disponibles. Ejecute "dotnet workload list" para obtener m├ís informaci├│n.
